Error: Trace has no intersection. Use --disable-intersect-mode to override